// Vitest Snapshot v1, https://vitest.dev/guide/snapshot.html

exports[`BaseHeader > should match snapshot BaseHeader 1`] = `
"<header data-v-d3c55262=\\"\\" class=\\"sticky top-0 w-full bg-white z-[100]\\">
  <div data-v-d3c55262=\\"\\" class=\\"container mx-auto p-5 flex items-center justify-between\\">
    <div data-v-d3c55262=\\"\\" class=\\"flex items-center\\"><a data-v-d3c55262=\\"\\" href=\\"/todo.it/\\" class=\\"flex items-end font-bold\\">
        <div data-v-d3c55262=\\"\\" class=\\"logo-gradient gradient-animation text-2xl lg:text-4xl\\">todo.it</div><sub data-v-d3c55262=\\"\\" class=\\"logo-sub-gradient gradient-animation text-sm ml-2 bottom-0\\"> v2.3.1</sub>
      </a></div><a data-v-d3c55262=\\"\\" href=\\"https://github.com/begprod/todo.it\\" target=\\"_blank\\"><img data-v-d3c55262=\\"\\" src=\\"/todo.it/src/assets/images/github-mark.svg\\" class=\\"w-7 lg:w-10 opacity-80 hover:opacity-100 transition-all duration-300\\" width=\\"40\\" height=\\"40\\" alt=\\"todo.it github\\"></a>
  </div>
</header>"
`;
